
> cosmoxhub-app@0.1.0 build
> next build

Γû▓ Next.js 16.2.1 (Turbopack)

  Creating an optimized production build ...
node.exe : 
At line:1 char:1
+ & "C:\Program Files\nodejs/node.exe" 
"C:\Program Files\nodejs/node_mo ...
+ ~~~~~~~~~~~~~~~~~~~~~~~~~~~~~~~~~~~~~~~~~~~~~~~
~~~~~~~~~~~~~~~~~~~~~~
    + CategoryInfo          : NotSpecified: (:St 
   ring) [], RemoteException
    + FullyQualifiedErrorId : NativeCommandError
 
> Build error occurred
Error: Turbopack build failed with 2 errors:
./src/app/tools/youtube-thumbnail/page.tsx:4:1
Export Youtube doesn't exist in target module
  [90m 2 |[0m
  [90m 3 |[0m [36mimport[0m { useState, 
useCallback } [36mfrom[0m [32m"react"[0m;
[31m[1m>[0m [90m 4 |[0m [36mimport[0m { 
  [90m   |[0m [31m[1m^^^^^^^^[0m
[31m[1m>[0m [90m 5 |[0m   [33mYoutube[0m, 
  [90m   |[0m [31m[1m^^^^^^^^^^^[0m
[31m[1m>[0m [90m 6 |[0m   
[33mDownload[0m, 
  [90m   |[0m [31m[1m^^^^^^^^^^^^[0m
[31m[1m>[0m [90m 7 |[0m   [33mTrash2[0m, 
  [90m   |[0m [31m[1m^^^^^^^^^^[0m
[31m[1m>[0m [90m 8 |[0m   [33mLink[0m 
[36mas[0m [33mLinkIcon[0m, 
  [90m   |[0m [31m[1m^^^^^^^^^^^^^^^^^^^^[0m
[31m[1m>[0m [90m 9 |[0m   
[33mSettings[0m, 
  [90m   |[0m [31m[1m^^^^^^^^^^^^[0m
[31m[1m>[0m [90m10 |[0m   [33mZap[0m, 
  [90m   |[0m [31m[1m^^^^^^^[0m
[31m[1m>[0m [90m11 |[0m   
[33mSparkles[0m, 
  [90m   |[0m [31m[1m^^^^^^^^^^^^[0m
[31m[1m>[0m [90m12 |[0m   [33mImage[0m 
[36mas[0m [33mImageIcon[0m,
  [90m   |[0m 
[31m[1m^^^^^^^^^^^^^^^^^^^^^[0m
[31m[1m>[0m [90m13 |[0m   [33mMaximize[0m,
  [90m   |[0m [31m[1m^^^^^^^^^^^[0m
[31m[1m>[0m [90m14 |[0m   [33mMonitor[0m,
  [90m   |[0m [31m[1m^^^^^^^^^^[0m
[31m[1m>[0m [90m15 |[0m   
[33mSmartphone[0m,
  [90m   |[0m [31m[1m^^^^^^^^^^^^^[0m
[31m[1m>[0m [90m16 |[0m   [33mEye[0m,
  [90m   |[0m [31m[1m^^^^^^[0m
[31m[1m>[0m [90m17 |[0m   
[33mRefreshCcw[0m
  [90m   |[0m [31m[1m^^^^^^^^^^^^[0m
[31m[1m>[0m [90m18 |[0m } [36mfrom[0m 
[32m"lucide-react"[0m;
  [90m   |[0m 
[31m[1m^^^^^^^^^^^^^^^^^^^^^^[0m
  [90m19 |[0m [36mimport[0m 
[33mToolLayout[0m [36mfrom[0m 
[32m"@/components/ToolLayout"[0m;
  [90m20 |[0m [36mimport[0m { motion, 
[33mAnimatePresence[0m } [36mfrom[0m 
[32m"framer-motion"[0m;
  [90m21 |[0m

The export Youtube was not found in module [proje
ct]/node_modules/lucide-react/dist/esm/lucide-rea
ct.js [app-client] (ecmascript).
Did you mean to import Route?
All exports of the module are statically known 
(It doesn't have dynamic exports). So it's known 
statically that the requested export doesn't 
exist.

Import traces:
  Client Component Browser:
    ./src/app/tools/youtube-thumbnail/page.tsx 
[Client Component Browser]
    ./src/app/tools/youtube-thumbnail/page.tsx 
[Server Component]

  Client Component SSR:
    ./src/app/tools/youtube-thumbnail/page.tsx 
[Client Component SSR]
    ./src/app/tools/youtube-thumbnail/page.tsx 
[Server Component]


./src/app/tools/youtube-thumbnail/page.tsx:4:1
Export Youtube doesn't exist in target module
  [90m 2 |[0m
  [90m 3 |[0m [36mimport[0m { useState, 
useCallback } [36mfrom[0m [32m"react"[0m;
[31m[1m>[0m [90m 4 |[0m [36mimport[0m { 
  [90m   |[0m [31m[1m^^^^^^^^[0m
[31m[1m>[0m [90m 5 |[0m   [33mYoutube[0m, 
  [90m   |[0m [31m[1m^^^^^^^^^^^[0m
[31m[1m>[0m [90m 6 |[0m   
[33mDownload[0m, 
  [90m   |[0m [31m[1m^^^^^^^^^^^^[0m
[31m[1m>[0m [90m 7 |[0m   [33mTrash2[0m, 
  [90m   |[0m [31m[1m^^^^^^^^^^[0m
[31m[1m>[0m [90m 8 |[0m   [33mLink[0m 
[36mas[0m [33mLinkIcon[0m, 
  [90m   |[0m [31m[1m^^^^^^^^^^^^^^^^^^^^[0m
[31m[1m>[0m [90m 9 |[0m   
[33mSettings[0m, 
  [90m   |[0m [31m[1m^^^^^^^^^^^^[0m
[31m[1m>[0m [90m10 |[0m   [33mZap[0m, 
  [90m   |[0m [31m[1m^^^^^^^[0m
[31m[1m>[0m [90m11 |[0m   
[33mSparkles[0m, 
  [90m   |[0m [31m[1m^^^^^^^^^^^^[0m
[31m[1m>[0m [90m12 |[0m   [33mImage[0m 
[36mas[0m [33mImageIcon[0m,
  [90m   |[0m 
[31m[1m^^^^^^^^^^^^^^^^^^^^^[0m
[31m[1m>[0m [90m13 |[0m   [33mMaximize[0m,
  [90m   |[0m [31m[1m^^^^^^^^^^^[0m
[31m[1m>[0m [90m14 |[0m   [33mMonitor[0m,
  [90m   |[0m [31m[1m^^^^^^^^^^[0m
[31m[1m>[0m [90m15 |[0m   
[33mSmartphone[0m,
  [90m   |[0m [31m[1m^^^^^^^^^^^^^[0m
[31m[1m>[0m [90m16 |[0m   [33mEye[0m,
  [90m   |[0m [31m[1m^^^^^^[0m
[31m[1m>[0m [90m17 |[0m   
[33mRefreshCcw[0m
  [90m   |[0m [31m[1m^^^^^^^^^^^^[0m
[31m[1m>[0m [90m18 |[0m } [36mfrom[0m 
[32m"lucide-react"[0m;
  [90m   |[0m 
[31m[1m^^^^^^^^^^^^^^^^^^^^^^[0m
  [90m19 |[0m [36mimport[0m 
[33mToolLayout[0m [36mfrom[0m 
[32m"@/components/ToolLayout"[0m;
  [90m20 |[0m [36mimport[0m { motion, 
[33mAnimatePresence[0m } [36mfrom[0m 
[32m"framer-motion"[0m;
  [90m21 |[0m

The export Youtube was not found in module [proje
ct]/node_modules/lucide-react/dist/esm/lucide-rea
ct.js [app-ssr] (ecmascript).
Did you mean to import Route?
All exports of the module are statically known 
(It doesn't have dynamic exports). So it's known 
statically that the requested export doesn't 
exist.

Import traces:
  Client Component Browser:
    ./src/app/tools/youtube-thumbnail/page.tsx 
[Client Component Browser]
    ./src/app/tools/youtube-thumbnail/page.tsx 
[Server Component]

  Client Component SSR:
    ./src/app/tools/youtube-thumbnail/page.tsx 
[Client Component SSR]
    ./src/app/tools/youtube-thumbnail/page.tsx 
[Server Component]


    at <unknown> 
(./src/app/tools/youtube-thumbnail/page.tsx:4:1)
    at <unknown> 
(./src/app/tools/youtube-thumbnail/page.tsx:4:1)
